// Jest Snapshot v1, https://goo.gl/fbAQLP

exports[`Pruebas en el <Navbar/> debe de mostrar correctamente 1`] = `
<nav
  className="navbar navbar-expand-lg navbar-dark bg-dark"
>
  <div
    className="container"
  >
    <a
      className="navbar-brand"
      href="/"
      onClick={[Function]}
    >
      Asociaciones
    </a>
    <button
      className="navbar-toggler"
      data-bs-target="#navbarNavAltMarkup"
      data-bs-toggle="collapse"
      type="button"
    >
      <span
        className="navbar-toggler-icon"
      />
    </button>
    <div
      className="collapse navbar-collapse"
      id="navbarNavAltMarkup"
    >
      <div
        className="navbar-nav"
      >
        <a
          className="nav-item nav-link "
          href="/marvel"
          onClick={[Function]}
        >
          Marvel
        </a>
        <a
          className="nav-item nav-link "
          href="/dc"
          onClick={[Function]}
        >
          DC
        </a>
        <a
          className="nav-item nav-link btn btn-outline-dark d-flex flex-row"
          href="/search"
          onClick={[Function]}
        >
          <i
            className="fa fa-search m-2 mt-1"
          />
          Buscar
        </a>
      </div>
      <div
        className="collapse navbar-collapse w-100 order-3 dual-collapse2 d-flex justify-content-end"
      >
        <ul
          className="navbar-nav ml-auto"
        >
          <span
            className="nav-item nav-link text-info"
          >
            Pedro
          </span>
          <button
            className="nav-item nav-link btn"
            onClick={[Function]}
          >
            Logout
          </button>
        </ul>
      </div>
    </div>
  </div>
</nav>
`;
