// Jest Snapshot v1, https://goo.gl/fbAQLP

exports[`Pruebas en AppRouter debe de mostrar el componente de Marvel si esta autenticado 1`] = `
Array [
  <nav
    className="navbar navbar-expand-lg navbar-dark bg-dark"
  >
    <div
      className="container"
    >
      <a
        className="navbar-brand"
        href="/"
        onClick={[Function]}
      >
        Asociaciones
      </a>
      <button
        className="navbar-toggler"
        data-bs-target="#navbarNavAltMarkup"
        data-bs-toggle="collapse"
        type="button"
      >
        <span
          className="navbar-toggler-icon"
        />
      </button>
      <div
        className="collapse navbar-collapse"
        id="navbarNavAltMarkup"
      >
        <div
          className="navbar-nav"
        >
          <a
            className="nav-item nav-link "
            href="/marvel"
            onClick={[Function]}
          >
            Marvel
          </a>
          <a
            className="nav-item nav-link "
            href="/dc"
            onClick={[Function]}
          >
            DC
          </a>
          <a
            className="nav-item nav-link btn btn-outline-dark d-flex flex-row"
            href="/search"
            onClick={[Function]}
          >
            <i
              className="fa fa-search m-2 mt-1"
            />
            Buscar
          </a>
        </div>
        <div
          className="collapse navbar-collapse w-100 order-3 dual-collapse2 d-flex justify-content-end"
        >
          <ul
            className="navbar-nav ml-auto"
          >
            <span
              className="nav-item nav-link text-info"
            >
              Daniel
            </span>
            <button
              className="nav-item nav-link btn"
              onClick={[Function]}
            >
              Logout
            </button>
          </ul>
        </div>
      </div>
    </div>
  </nav>,
  <div
    className="container mt-4"
  >
    <div>
      <h1>
        Marvel Screen
      </h1>
      <hr />
      <div
        className="row row-cols-1 row-cols-md-3 g-3 animate__animated animate__fadeIn"
      >
        <div
          className="col animate__animated animate__fadeIn"
        >
          <div
            className="card"
          >
            <div
              className="row no-gutters"
            >
              <div
                className="col-4"
              >
                <a
                  href="/hero/marvel-spider"
                  onClick={[Function]}
                >
                  <img
                    alt="Spider Man"
                    className="card-img"
                    src="/assets/heroes/marvel-spider.jpg"
                    style={
                      Object {
                        "cursor": "pointer",
                      }
                    }
                  />
                </a>
              </div>
              <div
                className="col-8"
              >
                <div
                  className="card-body"
                >
                  <h5
                    className="card-title"
                  >
                    Spider Man
                  </h5>
                  <p
                    className="card-text"
                  >
                    Peter Parker
                  </p>
                  <p
                    className="card-text"
                  >
                    <small
                      className="text-muted"
                    >
                      Amazing Fantasy #15
                    </small>
                  </p>
                  <a
                    href="/hero/marvel-spider"
                    onClick={[Function]}
                  >
                    Mas...
                  </a>
                </div>
              </div>
            </div>
          </div>
        </div>
        <div
          className="col animate__animated animate__fadeIn"
        >
          <div
            className="card"
          >
            <div
              className="row no-gutters"
            >
              <div
                className="col-4"
              >
                <a
                  href="/hero/marvel-captain"
                  onClick={[Function]}
                >
                  <img
                    alt="Captain America"
                    className="card-img"
                    src="/assets/heroes/marvel-captain.jpg"
                    style={
                      Object {
                        "cursor": "pointer",
                      }
                    }
                  />
                </a>
              </div>
              <div
                className="col-8"
              >
                <div
                  className="card-body"
                >
                  <h5
                    className="card-title"
                  >
                    Captain America
                  </h5>
                  <p
                    className="card-text"
                  >
                    Steve Rogers
                  </p>
                  <p
                    className="card-text"
                  >
                    <small
                      className="text-muted"
                    >
                      Captain America Comics #1
                    </small>
                  </p>
                  <a
                    href="/hero/marvel-captain"
                    onClick={[Function]}
                  >
                    Mas...
                  </a>
                </div>
              </div>
            </div>
          </div>
        </div>
        <div
          className="col animate__animated animate__fadeIn"
        >
          <div
            className="card"
          >
            <div
              className="row no-gutters"
            >
              <div
                className="col-4"
              >
                <a
                  href="/hero/marvel-iron"
                  onClick={[Function]}
                >
                  <img
                    alt="Iron Man"
                    className="card-img"
                    src="/assets/heroes/marvel-iron.jpg"
                    style={
                      Object {
                        "cursor": "pointer",
                      }
                    }
                  />
                </a>
              </div>
              <div
                className="col-8"
              >
                <div
                  className="card-body"
                >
                  <h5
                    className="card-title"
                  >
                    Iron Man
                  </h5>
                  <p
                    className="card-text"
                  >
                    Tony Stark
                  </p>
                  <p
                    className="card-text"
                  >
                    <small
                      className="text-muted"
                    >
                      Tales of Suspense #39
                    </small>
                  </p>
                  <a
                    href="/hero/marvel-iron"
                    onClick={[Function]}
                  >
                    Mas...
                  </a>
                </div>
              </div>
            </div>
          </div>
        </div>
        <div
          className="col animate__animated animate__fadeIn"
        >
          <div
            className="card"
          >
            <div
              className="row no-gutters"
            >
              <div
                className="col-4"
              >
                <a
                  href="/hero/marvel-thor"
                  onClick={[Function]}
                >
                  <img
                    alt="Thor"
                    className="card-img"
                    src="/assets/heroes/marvel-thor.jpg"
                    style={
                      Object {
                        "cursor": "pointer",
                      }
                    }
                  />
                </a>
              </div>
              <div
                className="col-8"
              >
                <div
                  className="card-body"
                >
                  <h5
                    className="card-title"
                  >
                    Thor
                  </h5>
                  <p
                    className="card-text"
                  >
                    Thor Odinson
                  </p>
                  <p
                    className="card-text"
                  >
                    <small
                      className="text-muted"
                    >
                      Journey into Myster #83
                    </small>
                  </p>
                  <a
                    href="/hero/marvel-thor"
                    onClick={[Function]}
                  >
                    Mas...
                  </a>
                </div>
              </div>
            </div>
          </div>
        </div>
        <div
          className="col animate__animated animate__fadeIn"
        >
          <div
            className="card"
          >
            <div
              className="row no-gutters"
            >
              <div
                className="col-4"
              >
                <a
                  href="/hero/marvel-hulk"
                  onClick={[Function]}
                >
                  <img
                    alt="Hulk"
                    className="card-img"
                    src="/assets/heroes/marvel-hulk.jpg"
                    style={
                      Object {
                        "cursor": "pointer",
                      }
                    }
                  />
                </a>
              </div>
              <div
                className="col-8"
              >
                <div
                  className="card-body"
                >
                  <h5
                    className="card-title"
                  >
                    Hulk
                  </h5>
                  <p
                    className="card-text"
                  >
                    Bruce Banner
                  </p>
                  <p
                    className="card-text"
                  >
                    <small
                      className="text-muted"
                    >
                      The Incredible Hulk #1
                    </small>
                  </p>
                  <a
                    href="/hero/marvel-hulk"
                    onClick={[Function]}
                  >
                    Mas...
                  </a>
                </div>
              </div>
            </div>
          </div>
        </div>
        <div
          className="col animate__animated animate__fadeIn"
        >
          <div
            className="card"
          >
            <div
              className="row no-gutters"
            >
              <div
                className="col-4"
              >
                <a
                  href="/hero/marvel-wolverine"
                  onClick={[Function]}
                >
                  <img
                    alt="Wolverine"
                    className="card-img"
                    src="/assets/heroes/marvel-wolverine.jpg"
                    style={
                      Object {
                        "cursor": "pointer",
                      }
                    }
                  />
                </a>
              </div>
              <div
                className="col-8"
              >
                <div
                  className="card-body"
                >
                  <h5
                    className="card-title"
                  >
                    Wolverine
                  </h5>
                  <p
                    className="card-text"
                  >
                    James Howlett
                  </p>
                  <p
                    className="card-text"
                  >
                    <small
                      className="text-muted"
                    >
                      The Incredible Hulk #180
                    </small>
                  </p>
                  <a
                    href="/hero/marvel-wolverine"
                    onClick={[Function]}
                  >
                    Mas...
                  </a>
                </div>
              </div>
            </div>
          </div>
        </div>
        <div
          className="col animate__animated animate__fadeIn"
        >
          <div
            className="card"
          >
            <div
              className="row no-gutters"
            >
              <div
                className="col-4"
              >
                <a
                  href="/hero/marvel-daredevil"
                  onClick={[Function]}
                >
                  <img
                    alt="Daredevil"
                    className="card-img"
                    src="/assets/heroes/marvel-daredevil.jpg"
                    style={
                      Object {
                        "cursor": "pointer",
                      }
                    }
                  />
                </a>
              </div>
              <div
                className="col-8"
              >
                <div
                  className="card-body"
                >
                  <h5
                    className="card-title"
                  >
                    Daredevil
                  </h5>
                  <p
                    className="card-text"
                  >
                    Matthew Michael Murdock
                  </p>
                  <p
                    className="card-text"
                  >
                    <small
                      className="text-muted"
                    >
                      Daredevil #1
                    </small>
                  </p>
                  <a
                    href="/hero/marvel-daredevil"
                    onClick={[Function]}
                  >
                    Mas...
                  </a>
                </div>
              </div>
            </div>
          </div>
        </div>
        <div
          className="col animate__animated animate__fadeIn"
        >
          <div
            className="card"
          >
            <div
              className="row no-gutters"
            >
              <div
                className="col-4"
              >
                <a
                  href="/hero/marvel-hawkeye"
                  onClick={[Function]}
                >
                  <img
                    alt="Hawkeye"
                    className="card-img"
                    src="/assets/heroes/marvel-hawkeye.jpg"
                    style={
                      Object {
                        "cursor": "pointer",
                      }
                    }
                  />
                </a>
              </div>
              <div
                className="col-8"
              >
                <div
                  className="card-body"
                >
                  <h5
                    className="card-title"
                  >
                    Hawkeye
                  </h5>
                  <p
                    className="card-text"
                  >
                    Clinton Francis Barton
                  </p>
                  <p
                    className="card-text"
                  >
                    <small
                      className="text-muted"
                    >
                      Tales of Suspense #57
                    </small>
                  </p>
                  <a
                    href="/hero/marvel-hawkeye"
                    onClick={[Function]}
                  >
                    Mas...
                  </a>
                </div>
              </div>
            </div>
          </div>
        </div>
        <div
          className="col animate__animated animate__fadeIn"
        >
          <div
            className="card"
          >
            <div
              className="row no-gutters"
            >
              <div
                className="col-4"
              >
                <a
                  href="/hero/marvel-cyclops"
                  onClick={[Function]}
                >
                  <img
                    alt="Cyclops"
                    className="card-img"
                    src="/assets/heroes/marvel-cyclops.jpg"
                    style={
                      Object {
                        "cursor": "pointer",
                      }
                    }
                  />
                </a>
              </div>
              <div
                className="col-8"
              >
                <div
                  className="card-body"
                >
                  <h5
                    className="card-title"
                  >
                    Cyclops
                  </h5>
                  <p
                    className="card-text"
                  >
                    Scott Summers
                  </p>
                  <p
                    className="card-text"
                  >
                    <small
                      className="text-muted"
                    >
                      X-Men #1
                    </small>
                  </p>
                  <a
                    href="/hero/marvel-cyclops"
                    onClick={[Function]}
                  >
                    Mas...
                  </a>
                </div>
              </div>
            </div>
          </div>
        </div>
        <div
          className="col animate__animated animate__fadeIn"
        >
          <div
            className="card"
          >
            <div
              className="row no-gutters"
            >
              <div
                className="col-4"
              >
                <a
                  href="/hero/marvel-silver"
                  onClick={[Function]}
                >
                  <img
                    alt="Silver Surfer"
                    className="card-img"
                    src="/assets/heroes/marvel-silver.jpg"
                    style={
                      Object {
                        "cursor": "pointer",
                      }
                    }
                  />
                </a>
              </div>
              <div
                className="col-8"
              >
                <div
                  className="card-body"
                >
                  <h5
                    className="card-title"
                  >
                    Silver Surfer
                  </h5>
                  <p
                    className="card-text"
                  >
                    Norrin Radd
                  </p>
                  <p
                    className="card-text"
                  >
                    <small
                      className="text-muted"
                    >
                      The Fantastic Four #48
                    </small>
                  </p>
                  <a
                    href="/hero/marvel-silver"
                    onClick={[Function]}
                  >
                    Mas...
                  </a>
                </div>
              </div>
            </div>
          </div>
        </div>
      </div>
    </div>
  </div>,
]
`;

exports[`Pruebas en AppRouter debe de mostrar el login si no esta autenticado 1`] = `
<div
  className="container mt-5"
>
  <h1>
    Login
  </h1>
  <hr />
  <button
    className="btn btn-primary"
    onClick={[Function]}
  >
    Login
  </button>
</div>
`;
